AdobeReader_enu
CUnit-devel
PackageKit-cron
PackageKit-gtk3-module
SDL
VirtualBox
VirtualBox-kmodsrc
VirtualBox-server
WoeUSB
acpi
acpid
adwaita-gtk2-theme
akmod-VirtualBox
akmods
anaconda
anaconda-install-env-deps
anaconda-live
android-tools
ant
arandr
audacity
azureus
bison
bluejeans-v2
blueman
boost-random
brave-browser
c-ares-devel
catatonit
ccls
chkconfig
chromium
cmake
cmus
code
conmon
consolation
container-selinux
containernetworking-plugins
containers-common
copyq
criu
crun
cryptopp
cryptopp-devel
cryptsetup-devel
cscope
ctags-etags
ditaa
dnf-utils
docker-compose
docker-distribution
doxygen
dracut-live
elfutils-libelf-devel
expat-devel
fedora-workstation-repositories
flex
fmt-devel
fontawesome-fonts-web
fuse-devel
fuse-overlayfs
fuse-sshfs
fzf
gcc-c++
gdbm
gdk-pixbuf2-xlib-devel
gflags
gflags-devel
gh
gitk
glibc-utils
global
gnome-shell-extension-user-theme
gnome-tweaks
gnutls-devel
google-chrome-stable
gparted
gperf
gperftools-devel
gstreamer1-plugin-openh264
gtk2-devel
gtypist
htop
hwloc
hwloc-devel
i3
initscripts
inotify-tools
insync
java-1.8.0-openjdk-devel
jq
json-devel
junit
kernel-modules-extra
keyutils-libs-devel
kmod-VirtualBox-5.8.12-200.fc32.x86_64
kmod-VirtualBox-5.8.8-200.fc32.x86_64
kmod-VirtualBox-5.9.16-100.fc32.x86_64
kmodtool
langpacks-en
leveldb-devel
libaio-devel
libasan
libatomic
libatomic-static
libatomic_ops-devel
libbabeltrace-devel
libblkid-devel
libcanberra-gtk2
libcap-ng-devel
libcurl-devel
libev-devel
libevent-devel
libnet
libnl3-devel
liboath-devel
libpciaccess-devel
librabbitmq-devel
librdkafka-devel
libtool
libtool-ltdl-devel
libubsan
libunistring-devel
libuuid-devel
libvarlink-util
libvirt-devel
libxkbcommon-devel
libxkbcommon-x11-devel
libxml2-devel
light
lksctp-tools-devel
lm_sensors-libs
lnav
lshw
lttng-ust-devel
lua-devel
luarocks
lyx
lyx-common
lyx-fonts
lz4-devel
make
meld
moby-engine
mosh
multilib-rpm-config
mutt
nasm
ncdu
ncurses-devel
neovim
newsboat
ninja-build
nitrogen
nmap
node
nodejs
nss-devel
numactl-devel
okular
openal-soft-devel
openh264
openldap-devel
openssl-devel
pandoc
patch
pavucontrol
perl
perl-IO-Socket-INET6
perl-Socket6
perl-Text-Unidecode
perl-XML-XPath
podman
podman-plugins
polybar
portaudio-devel
powerline-fonts
protobuf-devel
pulseaudio-module-bluetooth-freeworld
pulseeffects
pv
python-abimap-doc
python-multilib-conf
python3-Cython
python3-bcrypt
python3-cherrypy
python3-configobj
python3-coverage
python3-devel
python3-jenkins-job-builder
python3-jwt
python3-multilib
python3-neovim
python3-nose
python3-pecan
python3-prettytable
python3-psutil
python3-routes
python3-scipy
python3-sphinx
python3-swiftclient
python3-virtualenv
python3-werkzeug
python3-xmlsec
ragel-devel
rdma-core-devel
redhat-internal-NetworkManager-openvpn-profiles
redhat-internal-cert-install
redhat-internal-openvpn-profiles
redhat-lsb-core
redhat-rpm-config
redshift
restview
ripgrep
rofi
rpmdevtools
rpmfusion-free-release
rpmfusion-nonfree-release
ruby
rubygem-bundler
runc
sbc
selinux-policy-devel
sharutils
shutter
slirp4netns
snapd
snappy-devel
socat
startup-notification-devel
stow
strace
sysstat
systemd-devel
teckit
terminator
tetex-dvipost
texlive
texlive-ae
texlive-algorithms
texlive-amscls
texlive-amsfonts
texlive-amsmath
texlive-anysize
texlive-attachfile
texlive-auto-pst-pdf
texlive-avantgar
texlive-babel
texlive-babel-english
texlive-babelbib
texlive-base
texlive-beamer
texlive-bera
texlive-beton
texlive-bibtex
texlive-bidi
texlive-bookman
texlive-booktabs
texlive-breakurl
texlive-breqn
texlive-caption
texlive-carlisle
texlive-changepage
texlive-charter
texlive-chktex
texlive-chngcntr
texlive-cite
texlive-cm
texlive-cm-super
texlive-cmap
texlive-cmextra
texlive-collection-basic
texlive-collection-fontsrecommended
texlive-collection-latex
texlive-collection-latexrecommended
texlive-colorprofiles
texlive-colortbl
texlive-courier
texlive-crop
texlive-csquotes
texlive-ctable
texlive-currfile
texlive-dehyph
texlive-dtl
texlive-dvipdfmx
texlive-dvips
texlive-ec
texlive-enctex
texlive-enumitem
texlive-environ
texlive-eso-pic
texlive-etex
texlive-etex-pkg
texlive-etoolbox
texlive-euenc
texlive-euler
texlive-euro
texlive-euro-ce
texlive-eurosym
texlive-extsizes
texlive-fancybox
texlive-fancyhdr
texlive-fancyref
texlive-fancyvrb
texlive-filecontents
texlive-filehook
texlive-finstrut
texlive-fix2col
texlive-float
texlive-fontspec
texlive-footmisc
texlive-fp
texlive-fpl
texlive-geometry
texlive-glyphlist
texlive-graphics
texlive-graphics-cfg
texlive-graphics-def
texlive-gsftopk
texlive-helvetic
texlive-hyperref
texlive-hyph-utf8
texlive-hyphen-base
texlive-hyphenex
texlive-ifmtarg
texlive-ifplatform
texlive-iftex
texlive-index
texlive-jknapltx
texlive-kastrup
texlive-knuth-lib
texlive-knuth-local
texlive-koma-script
texlive-kpathsea
texlive-l3backend
texlive-l3experimental
texlive-l3kernel
texlive-l3packages
texlive-latex
texlive-latex-base-dev
texlive-latex-bin-dev
texlive-latex-fonts
texlive-latex-graphics-dev
texlive-latexbug
texlive-latexconfig
texlive-lineno
texlive-listings
texlive-lm
texlive-lm-math
texlive-ltabptch
texlive-ltxmisc
texlive-lua-alt-getopt
texlive-luabidi
texlive-lualatex-math
texlive-lualibs
texlive-luaotfload
texlive-luatex
texlive-luatexbase
texlive-lwarp
texlive-makecmds
texlive-makeindex
texlive-manfnt-font
texlive-marginnote
texlive-marvosym
texlive-mathpazo
texlive-mathspec
texlive-mathtools
texlive-mdwtools
texlive-memoir
texlive-metafont
texlive-metalogo
texlive-mflogo
texlive-mflogo-font
texlive-mfnfss
texlive-mfware
texlive-microtype
texlive-mnsymbol
texlive-mparhack
texlive-mptopdf
texlive-ms
texlive-multido
texlive-natbib
texlive-ncntrsbk
texlive-ntgclass
texlive-oberdiek
texlive-obsolete
texlive-palatino
texlive-paralist
texlive-parallel
texlive-parskip
texlive-pdfpages
texlive-pdftex
texlive-pgf
texlive-placeins
texlive-plain
texlive-polyglossia
texlive-psfrag
texlive-pslatex
texlive-psnfss
texlive-pspicture
texlive-pst-3d
texlive-pst-coil
texlive-pst-eps
texlive-pst-fill
texlive-pst-grad
texlive-pst-math
texlive-pst-node
texlive-pst-ovl
texlive-pst-pdf
texlive-pst-plot
texlive-pst-text
texlive-pst-tools
texlive-pst-tree
texlive-pstricks
texlive-pstricks-add
texlive-pxfonts
texlive-qstest
texlive-ragged2e
texlive-rcs
texlive-realscripts
texlive-rsfs
texlive-sansmath
texlive-sansmathaccent
texlive-sauerj
texlive-scheme-basic
texlive-section
texlive-seminar
texlive-sepnum
texlive-setspace
texlive-showexpl
texlive-simplecv
texlive-soul
texlive-subfig
texlive-symbol
texlive-tex
texlive-tex-gyre
texlive-tex-gyre-math
texlive-tex-ini-files
texlive-texlive-common-doc
texlive-texlive-docindex
texlive-texlive-en
texlive-texlive-msg-translations
texlive-texlive-scripts
texlive-texlive.infra
texlive-textcase
texlive-thumbpdf
texlive-times
texlive-tipa
texlive-titlesec
texlive-tools
texlive-translator
texlive-trimspaces
texlive-txfonts
texlive-typehtml
texlive-ucharcat
texlive-ucs
texlive-ulem
texlive-underscore
texlive-unicode-data
texlive-unicode-math
texlive-updmap-map
texlive-url
texlive-utopia
texlive-varwidth
texlive-wasy
texlive-wasysym
texlive-xcolor
texlive-xdvi
texlive-xetex
texlive-xetexconfig
texlive-xifthen
texlive-xkeyval
texlive-xltxtra
texlive-xunicode
texlive-zapfchan
texlive-zapfding
the_silver_searcher
thrift
thunderbird
tmate
trousers-devel
unetbootin
util-linux-user
valgrind-devel
vim-X11
vim-enhanced
vlc
vlc-bittorrent
whohas
wl-clipboard
wv
xbacklight
xcalib
xcb-util-cursor-devel
xcb-util-devel
xcb-util-keysyms-devel
xcb-util-wm-devel
xcb-util-xrm-devel
xclip
xfsprogs-devel
xmlsec1-devel
xmlsec1-openssl-devel
xmlstarlet
xterm
yajl-devel
yaml-cpp
yaml-cpp-devel
yasm
youtube-dl
zsh
zziplib
